// Jest Snapshot v1, https://goo.gl/fbAQLP

exports[`<NavLink /> should snapshot 1`] = `
.c0 {
  color: #FFFFFF;
  display: block;
  -webkit-text-decoration: none;
  text-decoration: none;
  margin-bottom: 1.6rem;
  font-size: 1.8rem;
  border-right: 0.5rem solid #000000;
}

.c0:hover {
  color: #dc143c;
  border-right-color: #dc143c;
}

<a
  class="c0"
  href="google.com"
  target="_self"
>
  teste
</a>
`;
